[run_experiment] business_economics-001: -> education
[run_experiment] business_economics-002: -> general
[run_experiment] business_economics-003: -> social_science
[run_experiment] business_economics-004: -> social_science
[run_experiment] business_economics-005: -> social_science
[run_experiment] business_economics-006: -> education
[run_experiment] business_economics-007: -> general
[run_experiment] business_economics-008: -> general
[run_experiment] business_economics-009: -> business_economics
[run_experiment] business_economics-010: -> education
[run_experiment] business_economics-011: -> education
[run_experiment] business_economics-012: -> social_science
[run_experiment] business_economics-013: -> education
[run_experiment] business_economics-014: -> legal
[run_experiment] business_economics-015: -> legal
[run_experiment] business_economics-016: -> medical
[run_experiment] business_economics-017: -> mathematics
[run_experiment] business_economics-018: -> education
[run_experiment] business_economics-019: -> general
[run_experiment] business_economics-020: -> business_economics
[run_experiment] business_economics-021: -> education
[run_experiment] business_economics-022: -> business_economics
[run_experiment] business_economics-023: -> education
[run_experiment] business_economics-024: -> general
[run_experiment] business_economics-025: -> education
[run_experiment] business_economics-026: -> education
[run_experiment] business_economics-027: -> education
[run_experiment] business_economics-028: -> business_economics
[run_experiment] business_economics-029: -> education
[run_experiment] business_economics-030: -> education
[run_experiment] business_economics-031: -> business_economics
[run_experiment] business_economics-032: -> education
[run_experiment] business_economics-033: -> education
[run_experiment] business_economics-034: -> education
[run_experiment] business_economics-035: -> education
[run_experiment] business_economics-036: -> education
[run_experiment] business_economics-037: -> education
[run_experiment] business_economics-038: -> education
[run_experiment] business_economics-039: -> general
[run_experiment] business_economics-040: -> general
[run_experiment] business_economics-041: -> education
[run_experiment] business_economics-042: -> business_economics
[run_experiment] business_economics-043: -> social_science
[run_experiment] business_economics-044: -> education
[run_experiment] business_economics-045: -> education
[run_experiment] business_economics-046: -> general
[run_experiment] business_economics-047: -> medical
[run_experiment] business_economics-048: -> general
[run_experiment] business_economics-049: -> education
[run_experiment] business_economics-050: -> business_economics
[run_experiment] business_economics-051: -> history_culture
[run_experiment] business_economics-052: -> education
[run_experiment] business_economics-053: -> business_economics
[run_experiment] business_economics-054: -> education
[run_experiment] business_economics-055: -> business_economics
[run_experiment] business_economics-056: -> social_science
[run_experiment] business_economics-057: -> education
[run_experiment] business_economics-058: -> legal
[run_experiment] business_economics-059: -> general
[run_experiment] business_economics-060: -> education
[run_experiment] business_economics-061: -> education
[run_experiment] business_economics-062: -> legal
[run_experiment] business_economics-063: -> education
[run_experiment] business_economics-064: -> education
[run_experiment] business_economics-065: -> education
[run_experiment] business_economics-066: -> business_economics
[run_experiment] business_economics-067: -> legal
[run_experiment] business_economics-068: -> education
[run_experiment] business_economics-069: -> computer_science
[run_experiment] business_economics-070: -> general
[run_experiment] business_economics-071: -> education
[run_experiment] business_economics-072: -> legal
[run_experiment] business_economics-073: -> education
[run_experiment] business_economics-074: -> education
[run_experiment] business_economics-075: -> education
[run_experiment] business_economics-076: -> social_science
[run_experiment] business_economics-077: -> mathematics
[run_experiment] business_economics-078: -> education
[run_experiment] business_economics-079: -> education
[run_experiment] business_economics-080: -> business_economics
[run_experiment] business_economics-081: -> education
[run_experiment] business_economics-082: -> general
[run_experiment] business_economics-083: -> general
[run_experiment] business_economics-084: -> social_science
[run_experiment] business_economics-085: -> legal
[run_experiment] business_economics-086: -> computer_science
[run_experiment] business_economics-087: -> social_science
[run_experiment] business_economics-088: -> legal
[run_experiment] business_economics-089: -> legal
[run_experiment] business_economics-090: -> education
[run_experiment] business_economics-091: -> legal
[run_experiment] business_economics-092: -> business_economics
[run_experiment] business_economics-093: -> education
[run_experiment] business_economics-094: -> legal
[run_experiment] business_economics-095: -> general
[run_experiment] business_economics-096: -> general
[run_experiment] business_economics-097: -> natural_science
[run_experiment] business_economics-098: -> education
[run_experiment] business_economics-099: -> education
[run_experiment] business_economics-100: -> education
[run_experiment] business_economics-101: -> education
[run_experiment] business_economics-102: -> education
[run_experiment] business_economics-103: -> general
[run_experiment] business_economics-104: -> education
[run_experiment] business_economics-105: -> legal
[run_experiment] business_economics-106: -> business_economics
[run_experiment] business_economics-107: -> education
[run_experiment] business_economics-108: -> education
[run_experiment] business_economics-109: -> legal
[run_experiment] business_economics-110: -> education
[run_experiment] business_economics-111: -> general
[run_experiment] business_economics-112: -> legal
[run_experiment] business_economics-113: -> business_economics
[run_experiment] business_economics-114: -> education
[run_experiment] business_economics-115: -> general
[run_experiment] business_economics-116: -> general
[run_experiment] business_economics-117: -> education
[run_experiment] business_economics-118: -> education
[run_experiment] business_economics-119: -> legal
[run_experiment] business_economics-120: -> education
[run_experiment] business_economics-121: -> education
[run_experiment] business_economics-122: -> education
[run_experiment] business_economics-123: -> general
[run_experiment] business_economics-124: -> legal
[run_experiment] business_economics-125: -> general
[run_experiment] business_economics-126: -> education
[run_experiment] business_economics-127: -> medical
[run_experiment] business_economics-128: -> legal
[run_experiment] business_economics-129: -> education
[run_experiment] business_economics-130: -> general
[run_experiment] business_economics-131: -> education
[run_experiment] business_economics-132: -> education
[run_experiment] business_economics-133: -> general
[run_experiment] business_economics-134: -> general
[run_experiment] business_economics-135: -> social_science
[run_experiment] business_economics-136: -> mathematics
[run_experiment] business_economics-137: -> education
[run_experiment] business_economics-138: -> legal
[run_experiment] business_economics-139: -> legal
[run_experiment] business_economics-140: -> general
[run_experiment] business_economics-141: -> education
[run_experiment] business_economics-142: -> business_economics
[run_experiment] business_economics-143: -> education
[run_experiment] business_economics-144: -> education
[run_experiment] business_economics-145: -> education
[run_experiment] business_economics-146: -> legal
[run_experiment] business_economics-147: -> education
[run_experiment] business_economics-148: -> education
[run_experiment] business_economics-149: -> education
[run_experiment] business_economics-150: -> education
[run_experiment] computer_science-001: -> business_economics
[run_experiment] computer_science-002: -> computer_science
[run_experiment] computer_science-003: -> education
[run_experiment] computer_science-004: -> general
[run_experiment] computer_science-005: -> education
[run_experiment] computer_science-006: -> education
[run_experiment] computer_science-007: -> education
[run_experiment] computer_science-008: -> education
[run_experiment] computer_science-009: -> education
[run_experiment] computer_science-010: -> computer_science
[run_experiment] computer_science-011: -> education
[run_experiment] computer_science-012: -> general
[run_experiment] computer_science-013: -> education
[run_experiment] computer_science-014: -> general
[run_experiment] computer_science-015: -> business_economics
[run_experiment] computer_science-016: -> education
[run_experiment] computer_science-017: -> education
[run_experiment] computer_science-018: -> computer_science
[run_experiment] computer_science-019: -> education
[run_experiment] computer_science-020: -> business_economics
[run_experiment] computer_science-021: -> computer_science
[run_experiment] computer_science-022: -> education
[run_experiment] computer_science-023: -> education
[run_experiment] computer_science-024: -> education
[run_experiment] computer_science-025: -> education
[run_experiment] computer_science-026: -> education
[run_experiment] computer_science-027: -> computer_science
[run_experiment] computer_science-028: -> general
[run_experiment] computer_science-029: -> business_economics
[run_experiment] computer_science-030: -> education
[run_experiment] computer_science-031: -> education
[run_experiment] computer_science-032: -> education
[run_experiment] computer_science-033: -> general
[run_experiment] computer_science-034: -> education
[run_experiment] computer_science-035: -> education
[run_experiment] computer_science-036: -> medical
[run_experiment] computer_science-037: -> computer_science
[run_experiment] computer_science-038: -> education
[run_experiment] computer_science-039: -> education
[run_experiment] computer_science-040: -> computer_science
[run_experiment] computer_science-041: -> education
[run_experiment] computer_science-042: -> education
[run_experiment] computer_science-043: -> general
[run_experiment] computer_science-044: -> education
[run_experiment] computer_science-045: -> education
[run_experiment] computer_science-046: -> education
[run_experiment] computer_science-047: -> education
[run_experiment] computer_science-048: -> mathematics
[run_experiment] computer_science-049: -> education
[run_experiment] computer_science-050: -> mathematics
[run_experiment] computer_science-051: -> computer_science
[run_experiment] computer_science-052: -> computer_science
[run_experiment] computer_science-053: -> computer_science
[run_experiment] computer_science-054: -> education
[run_experiment] computer_science-055: -> computer_science
[run_experiment] computer_science-056: -> computer_science
[run_experiment] computer_science-057: -> education
[run_experiment] computer_science-058: -> education
[run_experiment] computer_science-059: -> computer_science
[run_experiment] computer_science-060: -> natural_science
[run_experiment] computer_science-061: -> education
[run_experiment] computer_science-062: -> general
[run_experiment] computer_science-063: -> education
[run_experiment] computer_science-064: -> education
[run_experiment] computer_science-065: -> general
[run_experiment] computer_science-066: -> education
[run_experiment] computer_science-067: -> education
[run_experiment] computer_science-068: -> computer_science
[run_experiment] computer_science-069: -> computer_science
[run_experiment] computer_science-070: -> general
[run_experiment] computer_science-071: -> education
[run_experiment] computer_science-072: -> education
[run_experiment] computer_science-073: -> legal
[run_experiment] computer_science-074: -> business_economics
[run_experiment] computer_science-075: -> education
[run_experiment] computer_science-076: -> general
[run_experiment] computer_science-077: -> education
[run_experiment] computer_science-078: -> education
[run_experiment] computer_science-079: -> general
[run_experiment] computer_science-080: -> education
[run_experiment] computer_science-081: -> mathematics
[run_experiment] computer_science-082: -> education
[run_experiment] computer_science-083: -> education
[run_experiment] computer_science-084: -> computer_science
[run_experiment] computer_science-085: -> general
[run_experiment] computer_science-086: -> legal
[run_experiment] computer_science-087: -> education
[run_experiment] computer_science-088: -> computer_science
[run_experiment] computer_science-089: -> computer_science
[run_experiment] computer_science-090: -> general
[run_experiment] computer_science-091: -> general
[run_experiment] computer_science-092: -> education
[run_experiment] computer_science-093: -> business_economics
[run_experiment] computer_science-094: -> education
[run_experiment] computer_science-095: -> education
[run_experiment] computer_science-096: -> education
[run_experiment] computer_science-097: -> education
[run_experiment] computer_science-098: -> computer_science
[run_experiment] computer_science-099: -> education
[run_experiment] computer_science-100: -> education
[run_experiment] computer_science-101: -> business_economics
[run_experiment] computer_science-102: -> computer_science
[run_experiment] computer_science-103: -> computer_science
[run_experiment] computer_science-104: -> computer_science
[run_experiment] computer_science-105: -> education
[run_experiment] computer_science-106: -> education
[run_experiment] computer_science-107: -> education
[run_experiment] computer_science-108: -> computer_science
[run_experiment] computer_science-109: -> education
[run_experiment] computer_science-110: -> computer_science
[run_experiment] computer_science-111: -> general
[run_experiment] computer_science-112: -> medical
[run_experiment] computer_science-113: -> education
[run_experiment] computer_science-114: -> education
[run_experiment] computer_science-115: -> medical
[run_experiment] computer_science-116: -> general
[run_experiment] computer_science-117: -> computer_science
[run_experiment] computer_science-118: -> education
[run_experiment] computer_science-119: -> education
[run_experiment] computer_science-120: -> general
[run_experiment] computer_science-121: -> education
[run_experiment] computer_science-122: -> education
[run_experiment] computer_science-123: -> computer_science
[run_experiment] computer_science-124: -> education
[run_experiment] computer_science-125: -> education
[run_experiment] computer_science-126: -> computer_science
[run_experiment] computer_science-127: -> computer_science
[run_experiment] computer_science-128: -> education
[run_experiment] computer_science-129: -> general
[run_experiment] computer_science-130: -> general
[run_experiment] computer_science-131: -> general
[run_experiment] computer_science-132: -> education
[run_experiment] computer_science-133: -> education
[run_experiment] computer_science-134: -> general
[run_experiment] computer_science-135: -> general
[run_experiment] computer_science-136: -> general
[run_experiment] computer_science-137: -> education
[run_experiment] computer_science-138: -> general
[run_experiment] computer_science-139: -> education
[run_experiment] computer_science-140: -> computer_science
[run_experiment] computer_science-141: -> education
[run_experiment] computer_science-142: -> education
[run_experiment] computer_science-143: -> general
[run_experiment] computer_science-144: -> education
[run_experiment] computer_science-145: -> education
[run_experiment] computer_science-146: -> natural_science
[run_experiment] computer_science-147: -> education
[run_experiment] computer_science-148: -> education
[run_experiment] computer_science-149: -> education
[run_experiment] computer_science-150: -> education
[run_experiment] education-001: -> general
[run_experiment] education-002: -> education
[run_experiment] education-003: -> education
[run_experiment] education-004: -> education
[run_experiment] education-005: -> legal
[run_experiment] education-006: -> history_culture
[run_experiment] education-007: -> computer_science
[run_experiment] education-008: -> education
[run_experiment] education-009: -> social_science
[run_experiment] education-010: -> education
[run_experiment] education-011: -> medical
[run_experiment] education-012: -> social_science
[run_experiment] education-013: -> education
[run_experiment] education-014: -> education
[run_experiment] education-015: -> education
[run_experiment] education-016: -> education
[run_experiment] education-017: -> legal
[run_experiment] education-018: -> social_science
[run_experiment] education-019: -> general
[run_experiment] education-020: -> education
[run_experiment] education-021: -> education
[run_experiment] education-022: -> general
[run_experiment] education-023: -> education
[run_experiment] education-024: -> legal
[run_experiment] education-025: -> education
[run_experiment] education-026: -> general
[run_experiment] education-027: -> general
[run_experiment] education-028: -> business_economics
[run_experiment] education-029: -> social_science
[run_experiment] education-030: -> education
[run_experiment] education-031: -> general
[run_experiment] education-032: -> education
[run_experiment] education-033: -> education
[run_experiment] education-034: -> education
[run_experiment] education-035: -> education
[run_experiment] education-036: -> computer_science
[run_experiment] education-037: -> legal
[run_experiment] education-038: -> education
[run_experiment] education-039: -> education
[run_experiment] education-040: -> education
[run_experiment] education-041: -> general
[run_experiment] education-042: -> education
[run_experiment] education-043: -> natural_science
[run_experiment] education-044: -> education
[run_experiment] education-045: -> history_culture
[run_experiment] education-046: -> medical
[run_experiment] education-047: -> social_science
[run_experiment] education-048: -> education
[run_experiment] education-049: -> education
[run_experiment] education-050: -> education
[run_experiment] education-051: -> education
[run_experiment] education-052: -> education
[run_experiment] education-053: -> education
[run_experiment] education-054: -> general
[run_experiment] education-055: -> education
[run_experiment] education-056: -> education
[run_experiment] education-057: -> education
[run_experiment] education-058: -> education
[run_experiment] education-059: -> computer_science
[run_experiment] education-060: -> education
[run_experiment] education-061: -> education
[run_experiment] education-062: -> education
[run_experiment] education-063: -> general
[run_experiment] education-064: -> education
[run_experiment] education-065: -> legal
[run_experiment] education-066: -> education
[run_experiment] education-067: -> education
[run_experiment] education-068: -> general
[run_experiment] education-069: -> education
[run_experiment] education-070: -> education
[run_experiment] education-071: -> general
[run_experiment] education-072: -> education
[run_experiment] education-073: -> general
[run_experiment] education-074: -> business_economics
[run_experiment] education-075: -> social_science
[run_experiment] education-076: -> education
[run_experiment] education-077: -> general
[run_experiment] education-078: -> general
[run_experiment] education-079: -> general
[run_experiment] education-080: -> education
[run_experiment] education-081: -> education
[run_experiment] education-082: -> social_science
[run_experiment] education-083: -> business_economics
[run_experiment] education-084: -> computer_science
[run_experiment] education-085: -> medical
[run_experiment] education-086: -> computer_science
[run_experiment] education-087: -> education
[run_experiment] education-088: -> education
[run_experiment] education-089: -> business_economics
[run_experiment] education-090: -> education
[run_experiment] education-091: -> education
[run_experiment] education-092: -> legal
[run_experiment] education-093: -> education
[run_experiment] education-094: -> education
[run_experiment] education-095: -> education
[run_experiment] education-096: -> education
[run_experiment] education-097: -> education
[run_experiment] education-098: -> medical
[run_experiment] education-099: -> education
[run_experiment] education-100: -> legal
[run_experiment] education-101: -> education
[run_experiment] education-102: -> general
[run_experiment] education-103: -> education
[run_experiment] education-104: -> legal
[run_experiment] education-105: -> social_science
[run_experiment] education-106: -> computer_science
[run_experiment] education-107: -> education
[run_experiment] education-108: -> education
[run_experiment] education-109: -> education
[run_experiment] education-110: -> legal
[run_experiment] education-111: -> education
[run_experiment] education-112: -> education
[run_experiment] education-113: -> education
[run_experiment] education-114: -> legal
[run_experiment] education-115: -> business_economics
[run_experiment] education-116: -> education
[run_experiment] education-117: -> mathematics
[run_experiment] education-118: -> education
[run_experiment] education-119: -> medical
[run_experiment] education-120: -> education
[run_experiment] education-121: -> legal
[run_experiment] education-122: -> medical
[run_experiment] education-123: -> education
[run_experiment] education-124: -> education
[run_experiment] education-125: -> education
[run_experiment] education-126: -> education
[run_experiment] education-127: -> education
[run_experiment] education-128: -> social_science
[run_experiment] education-129: -> education
[run_experiment] education-130: -> business_economics
[run_experiment] education-131: -> medical
[run_experiment] education-132: -> education
[run_experiment] education-133: -> general
[run_experiment] education-134: -> legal
[run_experiment] education-135: -> business_economics
[run_experiment] education-136: -> education
[run_experiment] education-137: -> education
[run_experiment] education-138: -> education
[run_experiment] education-139: -> legal
[run_experiment] education-140: -> business_economics
[run_experiment] education-141: -> education
[run_experiment] education-142: -> education
[run_experiment] education-143: -> education
[run_experiment] education-144: -> legal
[run_experiment] education-145: -> general
[run_experiment] education-146: -> medical
[run_experiment] education-147: -> education
[run_experiment] education-148: -> business_economics
[run_experiment] education-149: -> education
[run_experiment] education-150: -> legal
[run_experiment] general-001: -> education
[run_experiment] general-002: -> education
[run_experiment] general-003: -> education
[run_experiment] general-004: -> education
[run_experiment] general-005: -> general
[run_experiment] general-006: -> general
[run_experiment] general-007: -> education
[run_experiment] general-008: -> history_culture
[run_experiment] general-009: -> education
[run_experiment] general-010: -> legal
[run_experiment] general-011: -> general
[run_experiment] general-012: -> medical
[run_experiment] general-013: -> education
[run_experiment] general-014: -> general
[run_experiment] general-015: -> general
[run_experiment] general-016: -> mathematics
[run_experiment] general-017: -> medical
[run_experiment] general-018: -> mathematics
[run_experiment] general-019: -> education
[run_experiment] general-020: -> natural_science
[run_experiment] general-021: -> education
[run_experiment] general-022: -> business_economics
[run_experiment] general-023: -> legal
[run_experiment] general-024: -> general
[run_experiment] general-025: -> education
[run_experiment] general-026: -> general
[run_experiment] general-027: -> general
[run_experiment] general-028: -> education
[run_experiment] general-029: -> general
[run_experiment] general-030: -> education
[run_experiment] general-031: -> education
[run_experiment] general-032: -> general
[run_experiment] general-033: -> education
[run_experiment] general-034: -> computer_science
[run_experiment] general-035: -> social_science
[run_experiment] general-036: -> legal
[run_experiment] general-037: -> education
[run_experiment] general-038: -> general
[run_experiment] general-039: -> education
[run_experiment] general-040: -> education
[run_experiment] general-041: -> education
[run_experiment] general-042: -> general
[run_experiment] general-043: -> legal
[run_experiment] general-044: -> education
[run_experiment] general-045: -> education
[run_experiment] general-046: -> legal
[run_experiment] general-047: -> natural_science
[run_experiment] general-048: -> general
[run_experiment] general-049: -> business_economics
[run_experiment] general-050: -> education
[run_experiment] general-051: -> general
[run_experiment] general-052: -> general
[run_experiment] general-053: -> education
[run_experiment] general-054: -> general
[run_experiment] general-055: -> legal
[run_experiment] general-056: -> education
[run_experiment] general-057: -> natural_science
[run_experiment] general-058: -> social_science
[run_experiment] general-059: -> general
[run_experiment] general-060: -> natural_science
[run_experiment] general-061: -> education
[run_experiment] general-062: -> general
[run_experiment] general-063: -> legal
[run_experiment] general-064: -> education
[run_experiment] general-065: -> general
[run_experiment] general-066: -> general
[run_experiment] general-067: -> legal
[run_experiment] general-068: -> business_economics
[run_experiment] general-069: -> education
[run_experiment] general-070: -> education
[run_experiment] general-071: -> education
[run_experiment] general-072: -> education
[run_experiment] general-073: -> education
[run_experiment] general-074: -> general
[run_experiment] general-075: -> education
[run_experiment] general-076: -> general
[run_experiment] general-077: -> general
[run_experiment] general-078: -> legal
[run_experiment] general-079: -> education
[run_experiment] general-080: -> computer_science
[run_experiment] general-081: -> general
[run_experiment] general-082: -> education
[run_experiment] general-083: -> computer_science
[run_experiment] general-084: -> general
[run_experiment] general-085: -> general
[run_experiment] general-086: -> education
[run_experiment] general-087: -> education
[run_experiment] general-088: -> business_economics
[run_experiment] general-089: -> social_science
[run_experiment] general-090: -> general
[run_experiment] general-091: -> education
[run_experiment] general-092: -> history_culture
[run_experiment] general-093: -> education
[run_experiment] general-094: -> education
[run_experiment] general-095: -> legal
[run_experiment] general-096: -> general
[run_experiment] general-097: -> education
[run_experiment] general-098: -> legal
[run_experiment] general-099: -> mathematics
[run_experiment] general-100: -> history_culture
[run_experiment] general-101: -> education
[run_experiment] general-102: -> general
[run_experiment] general-103: -> general
[run_experiment] general-104: -> natural_science
[run_experiment] general-105: -> education
[run_experiment] general-106: -> education
[run_experiment] general-107: -> computer_science
[run_experiment] general-108: -> education
[run_experiment] general-109: -> education
[run_experiment] general-110: -> business_economics
[run_experiment] general-111: -> education
[run_experiment] general-112: -> education
[run_experiment] general-113: -> general
[run_experiment] general-114: -> computer_science
[run_experiment] general-115: -> general
[run_experiment] general-116: -> computer_science
[run_experiment] general-117: -> history_culture
[run_experiment] general-118: -> legal
[run_experiment] general-119: -> computer_science
[run_experiment] general-120: -> social_science
[run_experiment] general-121: -> natural_science
[run_experiment] general-122: -> education
[run_experiment] general-123: -> education
[run_experiment] general-124: -> education
[run_experiment] general-125: -> general
[run_experiment] general-126: -> business_economics
[run_experiment] general-127: -> education
[run_experiment] general-128: -> general
[run_experiment] general-129: -> mathematics
[run_experiment] general-130: -> general
[run_experiment] general-131: -> education
[run_experiment] general-132: -> general
[run_experiment] general-133: -> education
[run_experiment] general-134: -> general
[run_experiment] general-135: -> legal
[run_experiment] general-136: -> history_culture
[run_experiment] general-137: -> education
[run_experiment] general-138: -> education
[run_experiment] general-139: -> general
[run_experiment] general-140: -> education
[run_experiment] general-141: -> general
[run_experiment] general-142: -> education
[run_experiment] general-143: -> medical
[run_experiment] general-144: -> general
[run_experiment] general-145: -> education
[run_experiment] general-146: -> general
[run_experiment] general-147: -> legal
[run_experiment] general-148: -> education
[run_experiment] general-149: -> general
[run_experiment] general-150: -> education
[run_experiment] history_culture-001: -> mathematics
[run_experiment] history_culture-002: -> general
[run_experiment] history_culture-003: -> legal
[run_experiment] history_culture-004: -> general
[run_experiment] history_culture-005: -> computer_science
[run_experiment] history_culture-006: -> medical
[run_experiment] history_culture-007: -> education
[run_experiment] history_culture-008: -> business_economics
[run_experiment] history_culture-009: -> legal
[run_experiment] history_culture-010: -> education
[run_experiment] history_culture-011: -> education
[run_experiment] history_culture-012: -> general
[run_experiment] history_culture-013: -> history_culture
[run_experiment] history_culture-014: -> education
[run_experiment] history_culture-015: -> business_economics
[run_experiment] history_culture-016: -> history_culture
[run_experiment] history_culture-017: -> general
[run_experiment] history_culture-018: -> education
[run_experiment] history_culture-019: -> education
[run_experiment] history_culture-020: -> education
[run_experiment] history_culture-021: -> education
[run_experiment] history_culture-022: -> history_culture
[run_experiment] history_culture-023: -> education
[run_experiment] history_culture-024: -> general
[run_experiment] history_culture-025: -> mathematics
[run_experiment] history_culture-026: -> education
[run_experiment] history_culture-027: -> education
[run_experiment] history_culture-028: -> computer_science
[run_experiment] history_culture-029: -> medical
[run_experiment] history_culture-030: -> natural_science
[run_experiment] history_culture-031: -> general
[run_experiment] history_culture-032: -> education
[run_experiment] history_culture-033: -> education
[run_experiment] history_culture-034: -> history_culture
[run_experiment] history_culture-035: -> medical
[run_experiment] history_culture-036: -> general
[run_experiment] history_culture-037: -> general
[run_experiment] history_culture-038: -> computer_science
[run_experiment] history_culture-039: -> education
[run_experiment] history_culture-040: -> general
[run_experiment] history_culture-041: -> general
[run_experiment] history_culture-042: -> education
[run_experiment] history_culture-043: -> education
[run_experiment] history_culture-044: -> medical
[run_experiment] history_culture-045: -> general
[run_experiment] history_culture-046: -> education
[run_experiment] history_culture-047: -> social_science
[run_experiment] history_culture-048: -> general
[run_experiment] history_culture-049: -> natural_science
[run_experiment] history_culture-050: -> education
[run_experiment] history_culture-051: -> education
[run_experiment] history_culture-052: -> natural_science
[run_experiment] history_culture-053: -> legal
[run_experiment] history_culture-054: -> social_science
[run_experiment] history_culture-055: -> general
[run_experiment] history_culture-056: -> business_economics
[run_experiment] history_culture-057: -> education
[run_experiment] history_culture-058: -> general
[run_experiment] history_culture-059: -> computer_science
[run_experiment] history_culture-060: -> general
[run_experiment] history_culture-061: -> general
[run_experiment] history_culture-062: -> general
[run_experiment] history_culture-063: -> social_science
[run_experiment] history_culture-064: -> mathematics
[run_experiment] history_culture-065: -> education
[run_experiment] history_culture-066: -> business_economics
[run_experiment] history_culture-067: -> general
[run_experiment] history_culture-068: -> general
[run_experiment] history_culture-069: -> general
[run_experiment] history_culture-070: -> general
[run_experiment] history_culture-071: -> education
[run_experiment] history_culture-072: -> natural_science
[run_experiment] history_culture-073: -> education
[run_experiment] history_culture-074: -> business_economics
[run_experiment] history_culture-075: -> history_culture
[run_experiment] history_culture-076: -> education
[run_experiment] history_culture-077: -> general
[run_experiment] history_culture-078: -> education
[run_experiment] history_culture-079: -> medical
[run_experiment] history_culture-080: -> medical
[run_experiment] history_culture-081: -> general
[run_experiment] history_culture-082: -> computer_science
[run_experiment] history_culture-083: -> education
[run_experiment] history_culture-084: -> general
[run_experiment] history_culture-085: -> general
[run_experiment] history_culture-086: -> history_culture
[run_experiment] history_culture-087: -> general
[run_experiment] history_culture-088: -> education
[run_experiment] history_culture-089: -> legal
[run_experiment] history_culture-090: -> education
[run_experiment] history_culture-091: -> education
[run_experiment] history_culture-092: -> medical
[run_experiment] history_culture-093: -> education
[run_experiment] history_culture-094: -> education
[run_experiment] history_culture-095: -> mathematics
[run_experiment] history_culture-096: -> general
[run_experiment] history_culture-097: -> general
[run_experiment] history_culture-098: -> education
[run_experiment] history_culture-099: -> education
[run_experiment] history_culture-100: -> general
[run_experiment] history_culture-101: -> education
[run_experiment] history_culture-102: -> education
[run_experiment] history_culture-103: -> mathematics
[run_experiment] history_culture-104: -> education
[run_experiment] history_culture-105: -> education
[run_experiment] history_culture-106: -> mathematics
[run_experiment] history_culture-107: -> history_culture
[run_experiment] history_culture-108: -> history_culture
[run_experiment] history_culture-109: -> legal
[run_experiment] history_culture-110: -> education
[run_experiment] history_culture-111: -> legal
[run_experiment] history_culture-112: -> general
[run_experiment] history_culture-113: -> legal
[run_experiment] history_culture-114: -> legal
[run_experiment] history_culture-115: -> business_economics
[run_experiment] history_culture-116: -> education
[run_experiment] history_culture-117: -> education
[run_experiment] history_culture-118: -> education
[run_experiment] history_culture-119: -> natural_science
[run_experiment] history_culture-120: -> education
[run_experiment] history_culture-121: -> business_economics
[run_experiment] history_culture-122: -> history_culture
[run_experiment] history_culture-123: -> general
[run_experiment] history_culture-124: -> general
[run_experiment] history_culture-125: -> business_economics
[run_experiment] history_culture-126: -> business_economics
[run_experiment] history_culture-127: -> business_economics
[run_experiment] history_culture-128: -> education
[run_experiment] history_culture-129: -> general
[run_experiment] history_culture-130: -> education
[run_experiment] history_culture-131: -> natural_science
[run_experiment] history_culture-132: -> general
[run_experiment] history_culture-133: -> education
[run_experiment] history_culture-134: -> general
[run_experiment] history_culture-135: -> general
[run_experiment] history_culture-136: -> education
[run_experiment] history_culture-137: -> general
[run_experiment] history_culture-138: -> education
[run_experiment] history_culture-139: -> business_economics
[run_experiment] history_culture-140: -> general
[run_experiment] history_culture-141: -> legal
[run_experiment] history_culture-142: -> education
[run_experiment] history_culture-143: -> general
[run_experiment] history_culture-144: -> business_economics
[run_experiment] history_culture-145: -> legal
[run_experiment] history_culture-146: -> general
[run_experiment] history_culture-147: -> education
[run_experiment] history_culture-148: -> general
[run_experiment] history_culture-149: -> general
[run_experiment] history_culture-150: -> general
[run_experiment] legal-001: -> education
[run_experiment] legal-002: -> education
[run_experiment] legal-003: -> education
[run_experiment] legal-004: -> social_science
[run_experiment] legal-005: -> business_economics
[run_experiment] legal-006: -> education
[run_experiment] legal-007: -> education
[run_experiment] legal-008: -> education
[run_experiment] legal-009: -> legal
[run_experiment] legal-010: -> legal
[run_experiment] legal-011: -> general
[run_experiment] legal-012: -> education
[run_experiment] legal-013: -> legal
[run_experiment] legal-014: -> legal
[run_experiment] legal-015: -> natural_science
[run_experiment] legal-016: -> legal
[run_experiment] legal-017: -> social_science
[run_experiment] legal-018: -> history_culture
[run_experiment] legal-019: -> education
[run_experiment] legal-020: -> education
[run_experiment] legal-021: -> education
[run_experiment] legal-022: -> education
[run_experiment] legal-023: -> history_culture
[run_experiment] legal-024: -> computer_science
[run_experiment] legal-025: -> history_culture
[run_experiment] legal-026: -> history_culture
[run_experiment] legal-027: -> general
[run_experiment] legal-028: -> legal
[run_experiment] legal-029: -> education
[run_experiment] legal-030: -> history_culture
[run_experiment] legal-031: -> legal
[run_experiment] legal-032: -> history_culture
[run_experiment] legal-033: -> education
[run_experiment] legal-034: -> business_economics
[run_experiment] legal-035: -> history_culture
[run_experiment] legal-036: -> legal
[run_experiment] legal-037: -> education
[run_experiment] legal-038: -> legal
[run_experiment] legal-039: -> legal
[run_experiment] legal-040: -> education
[run_experiment] legal-041: -> legal
[run_experiment] legal-042: -> education
[run_experiment] legal-043: -> education
[run_experiment] legal-044: -> education
[run_experiment] legal-045: -> history_culture
[run_experiment] legal-046: -> social_science
[run_experiment] legal-047: -> legal
[run_experiment] legal-048: -> education
[run_experiment] legal-049: -> legal
[run_experiment] legal-050: -> social_science
[run_experiment] legal-051: -> education
[run_experiment] legal-052: -> history_culture
[run_experiment] legal-053: -> general
[run_experiment] legal-054: -> general
[run_experiment] legal-055: -> legal
[run_experiment] legal-056: -> legal
[run_experiment] legal-057: -> education
[run_experiment] legal-058: -> education
[run_experiment] legal-059: -> education
[run_experiment] legal-060: -> education
[run_experiment] legal-061: -> legal
[run_experiment] legal-062: -> general
[run_experiment] legal-063: -> legal
[run_experiment] legal-064: -> education
[run_experiment] legal-065: -> history_culture
[run_experiment] legal-066: -> education
[run_experiment] legal-067: -> history_culture
[run_experiment] legal-068: -> legal
[run_experiment] legal-069: -> legal
[run_experiment] legal-070: -> education
[run_experiment] legal-071: -> education
[run_experiment] legal-072: -> mathematics
[run_experiment] legal-073: -> computer_science
[run_experiment] legal-074: -> legal
[run_experiment] legal-075: -> computer_science
[run_experiment] legal-076: -> education
[run_experiment] legal-077: -> legal
[run_experiment] legal-078: -> legal
[run_experiment] legal-079: -> education
[run_experiment] legal-080: -> education
[run_experiment] legal-081: -> social_science
[run_experiment] legal-082: -> legal
[run_experiment] legal-083: -> education
[run_experiment] legal-084: -> social_science
[run_experiment] legal-085: -> general
[run_experiment] legal-086: -> education
[run_experiment] legal-087: -> education
[run_experiment] legal-088: -> legal
[run_experiment] legal-089: -> legal
[run_experiment] legal-090: -> legal
[run_experiment] legal-091: -> education
[run_experiment] legal-092: -> education
[run_experiment] legal-093: -> education
[run_experiment] legal-094: -> education
[run_experiment] legal-095: -> education
[run_experiment] legal-096: -> education
[run_experiment] legal-097: -> legal
[run_experiment] legal-098: -> legal
[run_experiment] legal-099: -> education
[run_experiment] legal-100: -> education
[run_experiment] legal-101: -> business_economics
[run_experiment] legal-102: -> education
[run_experiment] legal-103: -> legal
[run_experiment] legal-104: -> education
[run_experiment] legal-105: -> business_economics
[run_experiment] legal-106: -> legal
[run_experiment] legal-107: -> legal
[run_experiment] legal-108: -> education
[run_experiment] legal-109: -> general
[run_experiment] legal-110: -> education
[run_experiment] legal-111: -> general
[run_experiment] legal-112: -> education
[run_experiment] legal-113: -> legal
[run_experiment] legal-114: -> general
[run_experiment] legal-115: -> legal
[run_experiment] legal-116: -> general
[run_experiment] legal-117: -> history_culture
[run_experiment] legal-118: -> education
[run_experiment] legal-119: -> legal
[run_experiment] legal-120: -> history_culture
[run_experiment] legal-121: -> education
[run_experiment] legal-122: -> education
[run_experiment] legal-123: -> legal
[run_experiment] legal-124: -> legal
[run_experiment] legal-125: -> education
[run_experiment] legal-126: -> legal
[run_experiment] legal-127: -> education
[run_experiment] legal-128: -> business_economics
[run_experiment] legal-129: -> legal
[run_experiment] legal-130: -> legal
[run_experiment] legal-131: -> education
[run_experiment] legal-132: -> general
[run_experiment] legal-133: -> legal
[run_experiment] legal-134: -> education
[run_experiment] legal-135: -> education
[run_experiment] legal-136: -> education
[run_experiment] legal-137: -> education
[run_experiment] legal-138: -> education
[run_experiment] legal-139: -> legal
[run_experiment] legal-140: -> general
[run_experiment] legal-141: -> education
[run_experiment] legal-142: -> education
[run_experiment] legal-143: -> education
[run_experiment] legal-144: -> education
[run_experiment] legal-145: -> education
[run_experiment] legal-146: -> general
[run_experiment] legal-147: -> education
[run_experiment] legal-148: -> legal
[run_experiment] legal-149: -> education
[run_experiment] legal-150: -> legal
[run_experiment] mathematics-001: -> social_science
[run_experiment] mathematics-002: -> mathematics
[run_experiment] mathematics-003: -> education
[run_experiment] mathematics-004: -> education
[run_experiment] mathematics-005: -> education
[run_experiment] mathematics-006: -> legal
[run_experiment] mathematics-007: -> mathematics
[run_experiment] mathematics-008: -> education
[run_experiment] mathematics-009: -> natural_science
[run_experiment] mathematics-010: -> mathematics
[run_experiment] mathematics-011: -> education
[run_experiment] mathematics-012: -> education
[run_experiment] mathematics-013: -> general
[run_experiment] mathematics-014: -> natural_science
[run_experiment] mathematics-015: -> general
[run_experiment] mathematics-016: -> education
[run_experiment] mathematics-017: -> general
[run_experiment] mathematics-018: -> natural_science
[run_experiment] mathematics-019: -> natural_science
[run_experiment] mathematics-020: -> education
[run_experiment] mathematics-021: -> mathematics
[run_experiment] mathematics-022: -> education
[run_experiment] mathematics-023: -> legal
[run_experiment] mathematics-024: -> education
[run_experiment] mathematics-025: -> education
[run_experiment] mathematics-026: -> general
[run_experiment] mathematics-027: -> education
[run_experiment] mathematics-028: -> education
[run_experiment] mathematics-029: -> computer_science
[run_experiment] mathematics-030: -> education
[run_experiment] mathematics-031: -> education
[run_experiment] mathematics-032: -> education
[run_experiment] mathematics-033: -> education
[run_experiment] mathematics-034: -> education
[run_experiment] mathematics-035: -> education
[run_experiment] mathematics-036: -> education
[run_experiment] mathematics-037: -> education
[run_experiment] mathematics-038: -> computer_science
[run_experiment] mathematics-039: -> mathematics
[run_experiment] mathematics-040: -> education
[run_experiment] mathematics-041: -> education
[run_experiment] mathematics-042: -> computer_science
[run_experiment] mathematics-043: -> education
[run_experiment] mathematics-044: -> mathematics
[run_experiment] mathematics-045: -> general
[run_experiment] mathematics-046: -> general
[run_experiment] mathematics-047: -> general
[run_experiment] mathematics-048: -> education
[run_experiment] mathematics-049: -> education
[run_experiment] mathematics-050: -> education
[run_experiment] mathematics-051: -> natural_science
[run_experiment] mathematics-052: -> education
[run_experiment] mathematics-053: -> mathematics
[run_experiment] mathematics-054: -> legal
[run_experiment] mathematics-055: -> general
[run_experiment] mathematics-056: -> mathematics
[run_experiment] mathematics-057: -> mathematics
[run_experiment] mathematics-058: -> general
[run_experiment] mathematics-059: -> education
[run_experiment] mathematics-060: -> education
[run_experiment] mathematics-061: -> education
[run_experiment] mathematics-062: -> education
[run_experiment] mathematics-063: -> education
[run_experiment] mathematics-064: -> education
[run_experiment] mathematics-065: -> education
[run_experiment] mathematics-066: -> education
[run_experiment] mathematics-067: -> computer_science
[run_experiment] mathematics-068: -> education
[run_experiment] mathematics-069: -> mathematics
[run_experiment] mathematics-070: -> education
[run_experiment] mathematics-071: -> education
[run_experiment] mathematics-072: -> general
[run_experiment] mathematics-073: -> general
[run_experiment] mathematics-074: -> natural_science
[run_experiment] mathematics-075: -> mathematics
[run_experiment] mathematics-076: -> mathematics
[run_experiment] mathematics-077: -> education
[run_experiment] mathematics-078: -> education
[run_experiment] mathematics-079: -> education
[run_experiment] mathematics-080: -> mathematics
[run_experiment] mathematics-081: -> social_science
[run_experiment] mathematics-082: -> mathematics
[run_experiment] mathematics-083: -> education
[run_experiment] mathematics-084: -> general
[run_experiment] mathematics-085: -> computer_science
[run_experiment] mathematics-086: -> education
[run_experiment] mathematics-087: -> general
[run_experiment] mathematics-088: -> education
[run_experiment] mathematics-089: -> education
[run_experiment] mathematics-090: -> education
[run_experiment] mathematics-091: -> mathematics
[run_experiment] mathematics-092: -> mathematics
[run_experiment] mathematics-093: -> mathematics
[run_experiment] mathematics-094: -> general
[run_experiment] mathematics-095: -> education
[run_experiment] mathematics-096: -> education
[run_experiment] mathematics-097: -> education
[run_experiment] mathematics-098: -> education
[run_experiment] mathematics-099: -> general
[run_experiment] mathematics-100: -> education
[run_experiment] mathematics-101: -> general
[run_experiment] mathematics-102: -> general
[run_experiment] mathematics-103: -> natural_science
[run_experiment] mathematics-104: -> education
[run_experiment] mathematics-105: -> computer_science
[run_experiment] mathematics-106: -> education
[run_experiment] mathematics-107: -> mathematics
[run_experiment] mathematics-108: -> computer_science
[run_experiment] mathematics-109: -> social_science
[run_experiment] mathematics-110: -> mathematics
[run_experiment] mathematics-111: -> general
[run_experiment] mathematics-112: -> education
[run_experiment] mathematics-113: -> education
[run_experiment] mathematics-114: -> education
[run_experiment] mathematics-115: -> general
[run_experiment] mathematics-116: -> mathematics
[run_experiment] mathematics-117: -> education
[run_experiment] mathematics-118: -> education
[run_experiment] mathematics-119: -> education
[run_experiment] mathematics-120: -> general
[run_experiment] mathematics-121: -> education
[run_experiment] mathematics-122: -> education
[run_experiment] mathematics-123: -> education
[run_experiment] mathematics-124: -> education
[run_experiment] mathematics-125: -> general
[run_experiment] mathematics-126: -> computer_science
[run_experiment] mathematics-127: -> education
[run_experiment] mathematics-128: -> natural_science
[run_experiment] mathematics-129: -> mathematics
[run_experiment] mathematics-130: -> education
[run_experiment] mathematics-131: -> general
[run_experiment] mathematics-132: -> education
[run_experiment] mathematics-133: -> education
[run_experiment] mathematics-134: -> education
[run_experiment] mathematics-135: -> mathematics
[run_experiment] mathematics-136: -> education
[run_experiment] mathematics-137: -> computer_science
[run_experiment] mathematics-138: -> education
[run_experiment] mathematics-139: -> medical
[run_experiment] mathematics-140: -> computer_science
[run_experiment] mathematics-141: -> education
[run_experiment] mathematics-142: -> mathematics
[run_experiment] mathematics-143: -> mathematics
[run_experiment] mathematics-144: -> computer_science
[run_experiment] mathematics-145: -> general
[run_experiment] mathematics-146: -> legal
[run_experiment] mathematics-147: -> general
[run_experiment] mathematics-148: -> education
[run_experiment] mathematics-149: -> natural_science
[run_experiment] mathematics-150: -> education
[run_experiment] medical-001: -> education
[run_experiment] medical-002: -> education
[run_experiment] medical-003: -> education
[run_experiment] medical-004: -> education
[run_experiment] medical-005: -> education
[run_experiment] medical-006: -> education
[run_experiment] medical-007: -> education
[run_experiment] medical-008: -> education
[run_experiment] medical-009: -> education
[run_experiment] medical-010: -> education
[run_experiment] medical-011: -> business_economics
[run_experiment] medical-012: -> medical
[run_experiment] medical-013: -> education
[run_experiment] medical-014: -> education
[run_experiment] medical-015: -> education
[run_experiment] medical-016: -> education
[run_experiment] medical-017: -> education
[run_experiment] medical-018: -> general
[run_experiment] medical-019: -> education
[run_experiment] medical-020: -> education
[run_experiment] medical-021: -> education
[run_experiment] medical-022: -> general
[run_experiment] medical-023: -> education
[run_experiment] medical-024: -> education
[run_experiment] medical-025: -> education
[run_experiment] medical-026: -> education
[run_experiment] medical-027: -> education
[run_experiment] medical-028: -> education
[run_experiment] medical-029: -> education
[run_experiment] medical-030: -> education
[run_experiment] medical-031: -> education
[run_experiment] medical-032: -> education
[run_experiment] medical-033: -> medical
[run_experiment] medical-034: -> education
[run_experiment] medical-035: -> medical
[run_experiment] medical-036: -> education
[run_experiment] medical-037: -> medical
[run_experiment] medical-038: -> education
[run_experiment] medical-039: -> education
[run_experiment] medical-040: -> education
[run_experiment] medical-041: -> education
[run_experiment] medical-042: -> medical
[run_experiment] medical-043: -> medical
[run_experiment] medical-044: -> education
[run_experiment] medical-045: -> medical
[run_experiment] medical-046: -> education
[run_experiment] medical-047: -> general
[run_experiment] medical-048: -> medical
[run_experiment] medical-049: -> education
[run_experiment] medical-050: -> education
[run_experiment] medical-051: -> education
[run_experiment] medical-052: -> education
[run_experiment] medical-053: -> education
[run_experiment] medical-054: -> education
[run_experiment] medical-055: -> general
[run_experiment] medical-056: -> education
[run_experiment] medical-057: -> education
[run_experiment] medical-058: -> education
[run_experiment] medical-059: -> general
[run_experiment] medical-060: -> education
[run_experiment] medical-061: -> education
[run_experiment] medical-062: -> education
[run_experiment] medical-063: -> education
[run_experiment] medical-064: -> education
[run_experiment] medical-065: -> education
[run_experiment] medical-066: -> education
[run_experiment] medical-067: -> education
[run_experiment] medical-068: -> education
[run_experiment] medical-069: -> education
[run_experiment] medical-070: -> education
[run_experiment] medical-071: -> education
[run_experiment] medical-072: -> education
[run_experiment] medical-073: -> business_economics
[run_experiment] medical-074: -> medical
[run_experiment] medical-075: -> general
[run_experiment] medical-076: -> education
[run_experiment] medical-077: -> legal
[run_experiment] medical-078: -> education
[run_experiment] medical-079: -> education
[run_experiment] medical-080: -> computer_science
[run_experiment] medical-081: -> education
[run_experiment] medical-082: -> medical
[run_experiment] medical-083: -> general
[run_experiment] medical-084: -> education
[run_experiment] medical-085: -> education
[run_experiment] medical-086: -> education
[run_experiment] medical-087: -> education
[run_experiment] medical-088: -> medical
[run_experiment] medical-089: -> education
[run_experiment] medical-090: -> education
[run_experiment] medical-091: -> general
[run_experiment] medical-092: -> education
[run_experiment] medical-093: -> medical
[run_experiment] medical-094: -> education
[run_experiment] medical-095: -> education
[run_experiment] medical-096: -> social_science
[run_experiment] medical-097: -> education
[run_experiment] medical-098: -> education
[run_experiment] medical-099: -> general
[run_experiment] medical-100: -> medical
[run_experiment] medical-101: -> education
[run_experiment] medical-102: -> legal
[run_experiment] medical-103: -> medical
[run_experiment] medical-104: -> education
[run_experiment] medical-105: -> education
[run_experiment] medical-106: -> education
[run_experiment] medical-107: -> education
[run_experiment] medical-108: -> education
[run_experiment] medical-109: -> education
[run_experiment] medical-110: -> education
[run_experiment] medical-111: -> education
[run_experiment] medical-112: -> education
[run_experiment] medical-113: -> general
[run_experiment] medical-114: -> education
[run_experiment] medical-115: -> education
[run_experiment] medical-116: -> education
[run_experiment] medical-117: -> general
[run_experiment] medical-118: -> education
[run_experiment] medical-119: -> medical
[run_experiment] medical-120: -> education
[run_experiment] medical-121: -> education
[run_experiment] medical-122: -> education
[run_experiment] medical-123: -> general
[run_experiment] medical-124: -> education
[run_experiment] medical-125: -> medical
[run_experiment] medical-126: -> medical
[run_experiment] medical-127: -> legal
[run_experiment] medical-128: -> education
[run_experiment] medical-129: -> education
[run_experiment] medical-130: -> education
[run_experiment] medical-131: -> education
[run_experiment] medical-132: -> medical
[run_experiment] medical-133: -> education
[run_experiment] medical-134: -> education
[run_experiment] medical-135: -> education
[run_experiment] medical-136: -> education
[run_experiment] medical-137: -> education
[run_experiment] medical-138: -> general
[run_experiment] medical-139: -> education
[run_experiment] medical-140: -> general
[run_experiment] medical-141: -> education
[run_experiment] medical-142: -> general
[run_experiment] medical-143: -> education
[run_experiment] medical-144: -> education
[run_experiment] medical-145: -> mathematics
[run_experiment] medical-146: -> education
[run_experiment] medical-147: -> education
[run_experiment] medical-148: -> education
[run_experiment] medical-149: -> education
[run_experiment] medical-150: -> education
[run_experiment] natural_science-001: -> mathematics
[run_experiment] natural_science-002: -> education
[run_experiment] natural_science-003: -> natural_science
[run_experiment] natural_science-004: -> education
[run_experiment] natural_science-005: -> education
[run_experiment] natural_science-006: -> education
[run_experiment] natural_science-007: -> education
[run_experiment] natural_science-008: -> natural_science
[run_experiment] natural_science-009: -> education
[run_experiment] natural_science-010: -> natural_science
[run_experiment] natural_science-011: -> education
[run_experiment] natural_science-012: -> natural_science
[run_experiment] natural_science-013: -> education
[run_experiment] natural_science-014: -> education
[run_experiment] natural_science-015: -> general
[run_experiment] natural_science-016: -> mathematics
[run_experiment] natural_science-017: -> education
[run_experiment] natural_science-018: -> natural_science
[run_experiment] natural_science-019: -> education
[run_experiment] natural_science-020: -> general
[run_experiment] natural_science-021: -> education
[run_experiment] natural_science-022: -> education
[run_experiment] natural_science-023: -> education
[run_experiment] natural_science-024: -> education
[run_experiment] natural_science-025: -> education
[run_experiment] natural_science-026: -> education
[run_experiment] natural_science-027: -> natural_science
[run_experiment] natural_science-028: -> education
[run_experiment] natural_science-029: -> general
[run_experiment] natural_science-030: -> education
[run_experiment] natural_science-031: -> education
[run_experiment] natural_science-032: -> natural_science
[run_experiment] natural_science-033: -> education
[run_experiment] natural_science-034: -> natural_science
[run_experiment] natural_science-035: -> education
[run_experiment] natural_science-036: -> legal
[run_experiment] natural_science-037: -> education
[run_experiment] natural_science-038: -> education
[run_experiment] natural_science-039: -> education
[run_experiment] natural_science-040: -> education
[run_experiment] natural_science-041: -> general
[run_experiment] natural_science-042: -> general
[run_experiment] natural_science-043: -> education
[run_experiment] natural_science-044: -> medical
[run_experiment] natural_science-045: -> education
[run_experiment] natural_science-046: -> education
[run_experiment] natural_science-047: -> natural_science
[run_experiment] natural_science-048: -> natural_science
[run_experiment] natural_science-049: -> general
[run_experiment] natural_science-050: -> natural_science
[run_experiment] natural_science-051: -> education
[run_experiment] natural_science-052: -> education
[run_experiment] natural_science-053: -> education
[run_experiment] natural_science-054: -> education
[run_experiment] natural_science-055: -> education
[run_experiment] natural_science-056: -> education
[run_experiment] natural_science-057: -> education
[run_experiment] natural_science-058: -> education
[run_experiment] natural_science-059: -> education
[run_experiment] natural_science-060: -> education
[run_experiment] natural_science-061: -> education
[run_experiment] natural_science-062: -> education
[run_experiment] natural_science-063: -> general
[run_experiment] natural_science-064: -> education
[run_experiment] natural_science-065: -> education
[run_experiment] natural_science-066: -> education
[run_experiment] natural_science-067: -> general
[run_experiment] natural_science-068: -> education
[run_experiment] natural_science-069: -> education
[run_experiment] natural_science-070: -> general
[run_experiment] natural_science-071: -> education
[run_experiment] natural_science-072: -> natural_science
[run_experiment] natural_science-073: -> education
[run_experiment] natural_science-074: -> education
[run_experiment] natural_science-075: -> medical
[run_experiment] natural_science-076: -> education
[run_experiment] natural_science-077: -> education
[run_experiment] natural_science-078: -> education
[run_experiment] natural_science-079: -> social_science
[run_experiment] natural_science-080: -> natural_science
[run_experiment] natural_science-081: -> medical
[run_experiment] natural_science-082: -> education
[run_experiment] natural_science-083: -> education
[run_experiment] natural_science-084: -> education
[run_experiment] natural_science-085: -> education
[run_experiment] natural_science-086: -> natural_science
[run_experiment] natural_science-087: -> education
[run_experiment] natural_science-088: -> education
[run_experiment] natural_science-089: -> education
[run_experiment] natural_science-090: -> general
[run_experiment] natural_science-091: -> education
[run_experiment] natural_science-092: -> education
[run_experiment] natural_science-093: -> education
[run_experiment] natural_science-094: -> natural_science
[run_experiment] natural_science-095: -> education
[run_experiment] natural_science-096: -> general
[run_experiment] natural_science-097: -> natural_science
[run_experiment] natural_science-098: -> education
[run_experiment] natural_science-099: -> education
[run_experiment] natural_science-100: -> education
[run_experiment] natural_science-101: -> education
[run_experiment] natural_science-102: -> education
[run_experiment] natural_science-103: -> education
[run_experiment] natural_science-104: -> education
[run_experiment] natural_science-105: -> education
[run_experiment] natural_science-106: -> education
[run_experiment] natural_science-107: -> education
[run_experiment] natural_science-108: -> natural_science
[run_experiment] natural_science-109: -> education
[run_experiment] natural_science-110: -> education
[run_experiment] natural_science-111: -> education
[run_experiment] natural_science-112: -> education
[run_experiment] natural_science-113: -> education
[run_experiment] natural_science-114: -> education
[run_experiment] natural_science-115: -> education
[run_experiment] natural_science-116: -> education
[run_experiment] natural_science-117: -> education
[run_experiment] natural_science-118: -> education
[run_experiment] natural_science-119: -> education
[run_experiment] natural_science-120: -> education
[run_experiment] natural_science-121: -> education
[run_experiment] natural_science-122: -> natural_science
[run_experiment] natural_science-123: -> education
[run_experiment] natural_science-124: -> natural_science
[run_experiment] natural_science-125: -> education
[run_experiment] natural_science-126: -> general
[run_experiment] natural_science-127: -> education
[run_experiment] natural_science-128: -> education
[run_experiment] natural_science-129: -> education
[run_experiment] natural_science-130: -> education
[run_experiment] natural_science-131: -> education
[run_experiment] natural_science-132: -> education
[run_experiment] natural_science-133: -> education
[run_experiment] natural_science-134: -> education
[run_experiment] natural_science-135: -> education
[run_experiment] natural_science-136: -> natural_science
[run_experiment] natural_science-137: -> general
[run_experiment] natural_science-138: -> natural_science
[run_experiment] natural_science-139: -> education
[run_experiment] natural_science-140: -> education
[run_experiment] natural_science-141: -> education
[run_experiment] natural_science-142: -> education
[run_experiment] natural_science-143: -> education
[run_experiment] natural_science-144: -> education
[run_experiment] natural_science-145: -> education
[run_experiment] natural_science-146: -> education
[run_experiment] natural_science-147: -> education
[run_experiment] natural_science-148: -> education
[run_experiment] natural_science-149: -> general
[run_experiment] natural_science-150: -> education
[run_experiment] social_science-001: -> legal
[run_experiment] social_science-002: -> education
[run_experiment] social_science-003: -> general
[run_experiment] social_science-004: -> general
[run_experiment] social_science-005: -> education
[run_experiment] social_science-006: -> general
[run_experiment] social_science-007: -> social_science
[run_experiment] social_science-008: -> education
[run_experiment] social_science-009: -> education
[run_experiment] social_science-010: -> history_culture
[run_experiment] social_science-011: -> education
[run_experiment] social_science-012: -> education
[run_experiment] social_science-013: -> education
[run_experiment] social_science-014: -> legal
[run_experiment] social_science-015: -> education
[run_experiment] social_science-016: -> education
[run_experiment] social_science-017: -> general
[run_experiment] social_science-018: -> education
[run_experiment] social_science-019: -> history_culture
[run_experiment] social_science-020: -> legal
[run_experiment] social_science-021: -> legal
[run_experiment] social_science-022: -> education
[run_experiment] social_science-023: -> history_culture
[run_experiment] social_science-024: -> education
[run_experiment] social_science-025: -> education
[run_experiment] social_science-026: -> education
[run_experiment] social_science-027: -> general
[run_experiment] social_science-028: -> general
[run_experiment] social_science-029: -> social_science
[run_experiment] social_science-030: -> education
[run_experiment] social_science-031: -> education
[run_experiment] social_science-032: -> education
[run_experiment] social_science-033: -> education
[run_experiment] social_science-034: -> education
[run_experiment] social_science-035: -> education
[run_experiment] social_science-036: -> education
[run_experiment] social_science-037: -> education
[run_experiment] social_science-038: -> education
[run_experiment] social_science-039: -> general
[run_experiment] social_science-040: -> education
[run_experiment] social_science-041: -> legal
[run_experiment] social_science-042: -> general
[run_experiment] social_science-043: -> legal
[run_experiment] social_science-044: -> social_science
[run_experiment] social_science-045: -> business_economics
[run_experiment] social_science-046: -> education
[run_experiment] social_science-047: -> general
[run_experiment] social_science-048: -> legal
[run_experiment] social_science-049: -> education
[run_experiment] social_science-050: -> education
[run_experiment] social_science-051: -> social_science
[run_experiment] social_science-052: -> education
[run_experiment] social_science-053: -> natural_science
[run_experiment] social_science-054: -> business_economics
[run_experiment] social_science-055: -> medical
[run_experiment] social_science-056: -> general
[run_experiment] social_science-057: -> education
[run_experiment] social_science-058: -> social_science
[run_experiment] social_science-059: -> history_culture
[run_experiment] social_science-060: -> legal
[run_experiment] social_science-061: -> education
[run_experiment] social_science-062: -> education
[run_experiment] social_science-063: -> education
[run_experiment] social_science-064: -> education
[run_experiment] social_science-065: -> education
[run_experiment] social_science-066: -> medical
[run_experiment] social_science-067: -> history_culture
[run_experiment] social_science-068: -> general
[run_experiment] social_science-069: -> social_science
[run_experiment] social_science-070: -> social_science
[run_experiment] social_science-071: -> medical
[run_experiment] social_science-072: -> general
[run_experiment] social_science-073: -> history_culture
[run_experiment] social_science-074: -> general
[run_experiment] social_science-075: -> mathematics
[run_experiment] social_science-076: -> education
[run_experiment] social_science-077: -> general
[run_experiment] social_science-078: -> medical
[run_experiment] social_science-079: -> general
[run_experiment] social_science-080: -> mathematics
[run_experiment] social_science-081: -> education
[run_experiment] social_science-082: -> education
[run_experiment] social_science-083: -> education
[run_experiment] social_science-084: -> history_culture
[run_experiment] social_science-085: -> education
[run_experiment] social_science-086: -> history_culture
[run_experiment] social_science-087: -> social_science
[run_experiment] social_science-088: -> legal
[run_experiment] social_science-089: -> legal
[run_experiment] social_science-090: -> history_culture
[run_experiment] social_science-091: -> history_culture
[run_experiment] social_science-092: -> education
[run_experiment] social_science-093: -> general
[run_experiment] social_science-094: -> general
[run_experiment] social_science-095: -> legal
[run_experiment] social_science-096: -> business_economics
[run_experiment] social_science-097: -> education
[run_experiment] social_science-098: -> education
[run_experiment] social_science-099: -> education
[run_experiment] social_science-100: -> legal
[run_experiment] social_science-101: -> general
[run_experiment] social_science-102: -> education
[run_experiment] social_science-103: -> education
[run_experiment] social_science-104: -> education
[run_experiment] social_science-105: -> general
[run_experiment] social_science-106: -> social_science
[run_experiment] social_science-107: -> general
[run_experiment] social_science-108: -> business_economics
[run_experiment] social_science-109: -> general
[run_experiment] social_science-110: -> legal
[run_experiment] social_science-111: -> education
[run_experiment] social_science-112: -> education
[run_experiment] social_science-113: -> social_science
[run_experiment] social_science-114: -> education
[run_experiment] social_science-115: -> history_culture
[run_experiment] social_science-116: -> education
[run_experiment] social_science-117: -> legal
[run_experiment] social_science-118: -> history_culture
[run_experiment] social_science-119: -> education
[run_experiment] social_science-120: -> legal
[run_experiment] social_science-121: -> computer_science
[run_experiment] social_science-122: -> education
[run_experiment] social_science-123: -> social_science
[run_experiment] social_science-124: -> legal
[run_experiment] social_science-125: -> general
[run_experiment] social_science-126: -> general
[run_experiment] social_science-127: -> history_culture
[run_experiment] social_science-128: -> education
[run_experiment] social_science-129: -> general
[run_experiment] social_science-130: -> general
[run_experiment] social_science-131: -> general
[run_experiment] social_science-132: -> education
[run_experiment] social_science-133: -> history_culture
[run_experiment] social_science-134: -> business_economics
[run_experiment] social_science-135: -> history_culture
[run_experiment] social_science-136: -> general
[run_experiment] social_science-137: -> computer_science
[run_experiment] social_science-138: -> social_science
[run_experiment] social_science-139: -> education
[run_experiment] social_science-140: -> education
[run_experiment] social_science-141: -> legal
[run_experiment] social_science-142: -> business_economics
[run_experiment] social_science-143: -> legal
[run_experiment] social_science-144: -> education
[run_experiment] social_science-145: -> education
[run_experiment] social_science-146: -> education
[run_experiment] social_science-147: -> general
[run_experiment] social_science-148: -> legal
[run_experiment] social_science-149: -> general
[run_experiment] social_science-150: -> education
[run_experiment] compound-001: -> legal
[run_experiment] compound-002: -> legal
[run_experiment] compound-003: -> medical
[run_experiment] compound-004: -> legal
[run_experiment] compound-005: -> education
[run_experiment] compound-006: -> legal
[run_experiment] compound-007: -> legal
[run_experiment] compound-008: -> legal
[run_experiment] compound-009: -> medical
[run_experiment] compound-010: -> legal
[run_experiment] compound-011: -> legal
[run_experiment] compound-012: -> education
[run_experiment] compound-013: -> legal
[run_experiment] compound-014: -> legal
[run_experiment] compound-015: -> education
[run_experiment] compound-016: -> education
[run_experiment] compound-017: -> education
[run_experiment] compound-018: -> legal
[run_experiment] compound-019: -> education
[run_experiment] compound-020: -> education
[run_experiment] completed 1520 questions
